To run a command as administrator (user "root"), use "sudo <command>".
See "man sudo_root" for details.

ubuntu@ubuntu:~$ sudo add-apt-repository universe
Adding component(s) 'universe' to all repositories.
Press [ENTER] to continue or Ctrl-c to cancel.
Added universe to: deb cdrom:[Ubuntu 22.04.4 LTS _Jammy Jellyfish_ - Release arm64 (20240508)]/ jammy main restricted universe
Added universe to: deb http://ports.ubuntu.com/ubuntu-ports/ jammy main restricted universe
Added universe to: deb http://ports.ubuntu.com/ubuntu-ports/ jammy-security main restricted universe
Added universe to: deb http://ports.ubuntu.com/ubuntu-ports/ jammy-updates main restricted universe
Ign:1 cdrom://Ubuntu 22.04.4 LTS _Jammy Jellyfish_ - Release arm64 (20240508) jammy InRelease
Hit:2 cdrom://Ubuntu 22.04.4 LTS _Jammy Jellyfish_ - Release arm64 (20240508) jammy Release
Hit:4 http://ports.ubuntu.com/ubuntu-ports jammy InRelease
Get:5 http://ports.ubuntu.com/ubuntu-ports jammy-security InRelease [129 kB]
Get:6 http://ports.ubuntu.com/ubuntu-ports jammy-updates InRelease [128 kB]
Get:7 http://ports.ubuntu.com/ubuntu-ports jammy-proposed InRelease [279 kB]
Get:8 http://ports.ubuntu.com/ubuntu-ports jammy/main arm64 Packages [1369 kB]
Get:9 http://ports.ubuntu.com/ubuntu-ports jammy/restricted arm64 Packages [19.6 kB]
Get:10 http://ports.ubuntu.com/ubuntu-ports jammy/universe arm64 Packages [13.9 MB]
Get:11 http://ports.ubuntu.com/ubuntu-ports jammy/universe Translation-en [5652 kB]                                                                  
Get:12 http://ports.ubuntu.com/ubuntu-ports jammy/universe arm64 DEP-11 Metadata [3360 kB]                                                           
Get:13 http://ports.ubuntu.com/ubuntu-ports jammy/universe DEP-11 48x48 Icons [3447 kB]                                                              
Get:14 http://ports.ubuntu.com/ubuntu-ports jammy/universe DEP-11 64x64 Icons [7609 kB]                                                              
Get:15 http://ports.ubuntu.com/ubuntu-ports jammy/universe DEP-11 64x64@2 Icons [69.3 kB]                                                            
Get:16 http://ports.ubuntu.com/ubuntu-ports jammy/universe arm64 c-n-f Metadata [277 kB]                                                             
Get:17 http://ports.ubuntu.com/ubuntu-ports jammy-security/main arm64 Packages [1357 kB]                                                             
Get:18 http://ports.ubuntu.com/ubuntu-ports jammy-security/main Translation-en [269 kB]                                                              
Get:19 http://ports.ubuntu.com/ubuntu-ports jammy-security/main arm64 DEP-11 Metadata [43.1 kB]                                                      
Get:20 http://ports.ubuntu.com/ubuntu-ports jammy-security/main DEP-11 48x48 Icons [16.9 kB]                                                         
Get:21 http://ports.ubuntu.com/ubuntu-ports jammy-security/main DEP-11 64x64 Icons [26.5 kB]                                                         
Get:22 http://ports.ubuntu.com/ubuntu-ports jammy-security/main arm64 c-n-f Metadata [12.7 kB]                                                       
Get:23 http://ports.ubuntu.com/ubuntu-ports jammy-security/restricted arm64 Packages [1564 kB]                                                       
Get:24 http://ports.ubuntu.com/ubuntu-ports jammy-security/restricted Translation-en [348 kB]                                                        
Get:25 http://ports.ubuntu.com/ubuntu-ports jammy-security/restricted arm64 DEP-11 Metadata [208 B]                                                  
Get:26 http://ports.ubuntu.com/ubuntu-ports jammy-security/restricted DEP-11 48x48 Icons [29 B]                                                      
Get:27 http://ports.ubuntu.com/ubuntu-ports jammy-security/restricted DEP-11 64x64 Icons [29 B]                                                      
Get:28 http://ports.ubuntu.com/ubuntu-ports jammy-security/restricted DEP-11 64x64@2 Icons [29 B]                                                    
Get:29 http://ports.ubuntu.com/ubuntu-ports jammy-security/restricted arm64 c-n-f Metadata [428 B]                                                   
Get:30 http://ports.ubuntu.com/ubuntu-ports jammy-security/universe arm64 Packages [834 kB]                                                          
Get:31 http://ports.ubuntu.com/ubuntu-ports jammy-security/universe Translation-en [172 kB]                                                          
Get:32 http://ports.ubuntu.com/ubuntu-ports jammy-security/universe arm64 DEP-11 Metadata [88.7 kB]                                                  
Get:33 http://ports.ubuntu.com/ubuntu-ports jammy-security/universe DEP-11 48x48 Icons [41.0 kB]                                                     
Get:34 http://ports.ubuntu.com/ubuntu-ports jammy-security/universe DEP-11 64x64 Icons [62.8 kB]                                                     
Get:35 http://ports.ubuntu.com/ubuntu-ports jammy-security/universe DEP-11 64x64@2 Icons [29 B]                                                      
Get:36 http://ports.ubuntu.com/ubuntu-ports jammy-security/universe arm64 c-n-f Metadata [16.3 kB]                                                   
Get:37 http://ports.ubuntu.com/ubuntu-ports jammy-updates/main arm64 Packages [1554 kB]                                                              
Get:38 http://ports.ubuntu.com/ubuntu-ports jammy-updates/main Translation-en [326 kB]                                                               
Get:39 http://ports.ubuntu.com/ubuntu-ports jammy-updates/main arm64 DEP-11 Metadata [103 kB]                                                        
Get:40 http://ports.ubuntu.com/ubuntu-ports jammy-updates/main DEP-11 48x48 Icons [37.5 kB]                                                          
Get:41 http://ports.ubuntu.com/ubuntu-ports jammy-updates/main DEP-11 64x64 Icons [56.8 kB]                                                          
Get:42 http://ports.ubuntu.com/ubuntu-ports jammy-updates/main arm64 c-n-f Metadata [17.4 kB]                                                        
Get:43 http://ports.ubuntu.com/ubuntu-ports jammy-updates/restricted arm64 Packages [1613 kB]                                                        
Get:44 http://ports.ubuntu.com/ubuntu-ports jammy-updates/restricted Translation-en [357 kB]                                                         
Get:45 http://ports.ubuntu.com/ubuntu-ports jammy-updates/restricted arm64 DEP-11 Metadata [212 B]                                                   
Get:46 http://ports.ubuntu.com/ubuntu-ports jammy-updates/restricted DEP-11 48x48 Icons [29 B]                                                       
Get:47 http://ports.ubuntu.com/ubuntu-ports jammy-updates/restricted DEP-11 64x64 Icons [29 B]                                                       
Get:48 http://ports.ubuntu.com/ubuntu-ports jammy-updates/restricted DEP-11 64x64@2 Icons [29 B]                                                     
Get:49 http://ports.ubuntu.com/ubuntu-ports jammy-updates/restricted arm64 c-n-f Metadata [456 B]                                                    
Get:50 http://ports.ubuntu.com/ubuntu-ports jammy-updates/universe arm64 Packages [1046 kB]                                                          
Get:51 http://ports.ubuntu.com/ubuntu-ports jammy-updates/universe Translation-en [256 kB]                                                           
Get:52 http://ports.ubuntu.com/ubuntu-ports jammy-updates/universe arm64 DEP-11 Metadata [338 kB]                                                    
Get:53 http://ports.ubuntu.com/ubuntu-ports jammy-updates/universe DEP-11 48x48 Icons [227 kB]                                                       
Get:54 http://ports.ubuntu.com/ubuntu-ports jammy-updates/universe DEP-11 64x64 Icons [364 kB]                                                       
Get:55 http://ports.ubuntu.com/ubuntu-ports jammy-updates/universe DEP-11 64x64@2 Icons [29 B]                                                       
Get:56 http://ports.ubuntu.com/ubuntu-ports jammy-updates/universe arm64 c-n-f Metadata [22.4 kB]                                                    
Get:57 http://ports.ubuntu.com/ubuntu-ports jammy-proposed/main arm64 Packages [260 kB]                                                              
Get:58 http://ports.ubuntu.com/ubuntu-ports jammy-proposed/main Translation-en [61.3 kB]                                                             
Get:59 http://ports.ubuntu.com/ubuntu-ports jammy-proposed/main arm64 DEP-11 Metadata [7436 B]                                                       
Get:60 http://ports.ubuntu.com/ubuntu-ports jammy-proposed/main DEP-11 48x48 Icons [2113 B]                                                          
Get:61 http://ports.ubuntu.com/ubuntu-ports jammy-proposed/main DEP-11 64x64 Icons [5944 B]                                                          
Get:62 http://ports.ubuntu.com/ubuntu-ports jammy-proposed/main arm64 c-n-f Metadata [1884 B]                                                        
Get:63 http://ports.ubuntu.com/ubuntu-ports jammy-proposed/restricted arm64 Packages [385 kB]                                                        
Get:64 http://ports.ubuntu.com/ubuntu-ports jammy-proposed/restricted Translation-en [84.1 kB]                                                       
Get:65 http://ports.ubuntu.com/ubuntu-ports jammy-proposed/restricted arm64 DEP-11 Metadata [212 B]                                                  
Get:66 http://ports.ubuntu.com/ubuntu-ports jammy-proposed/restricted DEP-11 48x48 Icons [29 B]                                                      
Get:67 http://ports.ubuntu.com/ubuntu-ports jammy-proposed/restricted DEP-11 64x64 Icons [29 B]                                                      
Get:68 http://ports.ubuntu.com/ubuntu-ports jammy-proposed/restricted DEP-11 64x64@2 Icons [29 B]                                                    
Fetched 48.2 MB in 1min 1s (794 kB/s)                                                                                                                
Reading package lists... Done
W: Skipping acquire of configured file 'universe/binary-arm64/Packages' as repository 'cdrom://Ubuntu 22.04.4 LTS _Jammy Jellyfish_ - Release arm64 (20240508) jammy InRelease' doesn't have the component 'universe' (component misspelt in sources.list?)
W: Skipping acquire of configured file 'universe/i18n/Translation-en' as repository 'cdrom://Ubuntu 22.04.4 LTS _Jammy Jellyfish_ - Release arm64 (20240508) jammy InRelease' doesn't have the component 'universe' (component misspelt in sources.list?)
W: Skipping acquire of configured file 'universe/dep11/Components-arm64.yml' as repository 'cdrom://Ubuntu 22.04.4 LTS _Jammy Jellyfish_ - Release arm64 (20240508) jammy InRelease' doesn't have the component 'universe' (component misspelt in sources.list?)
W: Skipping acquire of configured file 'universe/dep11/icons-48x48.tar' as repository 'cdrom://Ubuntu 22.04.4 LTS _Jammy Jellyfish_ - Release arm64 (20240508) jammy InRelease' doesn't have the component 'universe' (component misspelt in sources.list?)
W: Skipping acquire of configured file 'universe/dep11/icons-64x64.tar' as repository 'cdrom://Ubuntu 22.04.4 LTS _Jammy Jellyfish_ - Release arm64 (20240508) jammy InRelease' doesn't have the component 'universe' (component misspelt in sources.list?)
W: Skipping acquire of configured file 'universe/dep11/icons-64x64@2.tar' as repository 'cdrom://Ubuntu 22.04.4 LTS _Jammy Jellyfish_ - Release arm64 (20240508) jammy InRelease' doesn't have the component 'universe' (component misspelt in sources.list?)
W: Skipping acquire of configured file 'universe/cnf/Commands-arm64' as repository 'cdrom://Ubuntu 22.04.4 LTS _Jammy Jellyfish_ - Release arm64 (20240508) jammy InRelease' doesn't have the component 'universe' (component misspelt in sources.list?)
ubuntu@ubuntu:~$ sudo snap install curl
curl 8.1.2 from Wouter van Bommel (woutervb) installed
ubuntu@ubuntu:~$ curl https://bootstrap.pypa.io/get-pip.py -o get-pip.py
  % Total    % Received % Xferd  Average Speed   Time    Time     Time  Current
                                 Dload  Upload   Total   Spent    Left  Speed
100 2224k  100 2224k    0     0  8945k      0 --:--:-- --:--:-- --:--:-- 8970k
ubuntu@ubuntu:~$ sudo python3 get-pip.py
Collecting pip
  Downloading pip-24.1.2-py3-none-any.whl.metadata (3.6 kB)
Collecting setuptools
  Downloading setuptools-70.3.0-py3-none-any.whl.metadata (5.8 kB)
Collecting wheel
  Downloading wheel-0.43.0-py3-none-any.whl.metadata (2.2 kB)
Downloading pip-24.1.2-py3-none-any.whl (1.8 MB)
   ━━━━━━━━━━━━━━━━━━━━━━━━━━━━━━━━━━━━━━━━ 1.8/1.8 MB 8.9 MB/s eta 0:00:00
Downloading setuptools-70.3.0-py3-none-any.whl (931 kB)
   ━━━━━━━━━━━━━━━━━━━━━━━━━━━━━━━━━━━━━━━━ 931.1/931.1 kB 11.0 MB/s eta 0:00:00
Downloading wheel-0.43.0-py3-none-any.whl (65 kB)
   ━━━━━━━━━━━━━━━━━━━━━━━━━━━━━━━━━━━━━━━━ 65.8/65.8 kB 11.9 MB/s eta 0:00:00
Installing collected packages: wheel, setuptools, pip
Successfully installed pip-24.1.2 setuptools-70.3.0 wheel-0.43.0
WARNING: Running pip as the 'root' user can result in broken permissions and conflicting behaviour with the system package manager, possibly rendering your system unusable.It is recommended to use a virtual environment instead: https://pip.pypa.io/warnings/venv. Use the --root-user-action option if you know what you are doing and want to suppress this warning.
ubuntu@ubuntu:~$ sudo nano /etc/apt/sources.list
ubuntu@ubuntu:~$ sudo add-apt-repository "deb [arch=arm64] https://packages.microsoft.com/repos/vscode stable main"
Repository: 'deb [arch=arm64] https://packages.microsoft.com/repos/vscode stable main'
Description:
Archive for codename: stable components: main
More info: https://packages.microsoft.com/repos/vscode
Adding repository.
Press [ENTER] to continue or Ctrl-c to cancel.
Adding deb entry to /etc/apt/sources.list.d/archive_uri-https_packages_microsoft_com_repos_vscode-jammy.list
Adding disabled deb-src entry to /etc/apt/sources.list.d/archive_uri-https_packages_microsoft_com_repos_vscode-jammy.list
Get:1 https://packages.microsoft.com/repos/vscode stable InRelease [3594 B]
Hit:2 http://ports.ubuntu.com/ubuntu-ports jammy InRelease
Err:1 https://packages.microsoft.com/repos/vscode stable InRelease
  The following signatures couldn't be verified because the public key is not available: NO_PUBKEY EB3E94ADBE1229CF
Hit:3 http://ports.ubuntu.com/ubuntu-ports jammy-security InRelease
Hit:4 http://ports.ubuntu.com/ubuntu-ports jammy-updates InRelease
Hit:5 http://ports.ubuntu.com/ubuntu-ports jammy-proposed InRelease
Reading package lists... Done
W: GPG error: https://packages.microsoft.com/repos/vscode stable InRelease: The following signatures couldn't be verified because the public key is not available: NO_PUBKEY EB3E94ADBE1229CF
E: The repository 'https://packages.microsoft.com/repos/vscode stable InRelease' is not signed.
N: Updating from such a repository can't be done securely, and is therefore disabled by default.
N: See apt-secure(8) manpage for repository creation and user configuration details.
ubuntu@ubuntu:~$ sudo apt update
Get:1 https://packages.microsoft.com/repos/vscode stable InRelease [3594 B]
Hit:2 http://ports.ubuntu.com/ubuntu-ports jammy InRelease
Err:1 https://packages.microsoft.com/repos/vscode stable InRelease
  The following signatures couldn't be verified because the public key is not available: NO_PUBKEY EB3E94ADBE1229CF
Hit:3 http://ports.ubuntu.com/ubuntu-ports jammy-security InRelease
Hit:4 http://ports.ubuntu.com/ubuntu-ports jammy-updates InRelease
Hit:5 http://ports.ubuntu.com/ubuntu-ports jammy-proposed InRelease
Reading package lists... Done
W: GPG error: https://packages.microsoft.com/repos/vscode stable InRelease: The following signatures couldn't be verified because the public key is not available: NO_PUBKEY EB3E94ADBE1229CF
E: The repository 'https://packages.microsoft.com/repos/vscode stable InRelease' is not signed.
N: Updating from such a repository can't be done securely, and is therefore disabled by default.
N: See apt-secure(8) manpage for repository creation and user configuration details.
ubuntu@ubuntu:~$ curl https://packages.microsoft.com/keys/microsoft.asc | gpg --dearmor > microsoft.gpg
  % Total    % Received % Xferd  Average Speed   Time    Time     Time  Current
                                 Dload  Upload   Total   Spent    Left  Speed
100   983  100   983    0     0   5381      0 --:--:-- --:--:-- --:--:--  5401
ubuntu@ubuntu:~$ sudo mv microsoft.gpg /etc/apt/trusted.gpg.d/microsoft.gpg
ubuntu@ubuntu:~$ sudo apt update
Get:1 https://packages.microsoft.com/repos/vscode stable InRelease [3594 B]
Get:2 https://packages.microsoft.com/repos/vscode stable/main arm64 Packages [838 B]
Hit:3 http://ports.ubuntu.com/ubuntu-ports jammy InRelease
Hit:4 http://ports.ubuntu.com/ubuntu-ports jammy-security InRelease
Hit:5 http://ports.ubuntu.com/ubuntu-ports jammy-updates InRelease
Hit:6 http://ports.ubuntu.com/ubuntu-ports jammy-proposed InRelease
Fetched 838 B in 1s (965 B/s)
Reading package lists... Done
Building dependency tree... Done
Reading state information... Done
191 packages can be upgraded. Run 'apt list --upgradable' to see them.
ubuntu@ubuntu:~$ sudo apt install code
Reading package lists... Done
Building dependency tree... Done
Reading state information... Done
The following NEW packages will be installed:
  code
0 upgraded, 1 newly installed, 0 to remove and 191 not upgraded.
Need to get 88.4 MB of archives.
After this operation, 377 MB of additional disk space will be used.
Get:1 https://packages.microsoft.com/repos/vscode stable/main arm64 code arm64 1.82.0-1694038208 [88.4 MB]
Fetched 88.4 MB in 12s (7297 kB/s)                                                                                                                   
Selecting previously unselected package code.
(Reading database ... 212144 files and directories currently installed.)
Preparing to unpack .../code_1.82.0-1694038208_arm64.deb ...
Unpacking code (1.82.0-1694038208) ...
Setting up code (1.82.0-1694038208) ...
Processing triggers for gnome-menus (3.36.0-1ubuntu3) ...
Processing triggers for shared-mime-info (2.1-2) ...
Processing triggers for mailcap (3.70+nmu1ubuntu1) ...
Processing triggers for desktop-file-utils (0.26-1ubuntu3) ...
ubuntu@ubuntu:~$ code .
ubuntu@ubuntu:~$ cd Documents/MyProjects/DesigningIntelligentSystems/Microservices/
ubuntu@ubuntu:~/Documents/MyProjects/DesigningIntelligentSystems/Microservices$ code .
ubuntu@ubuntu:~/Documents/MyProjects/DesigningIntelligentSystems/Microservices$ cd ..
ubuntu@ubuntu:~/Documents/MyProjects/DesigningIntelligentSystems$ cd ..
ubuntu@ubuntu:~/Documents/MyProjects$ sudo apt install git
Reading package lists... Done
Building dependency tree... Done
Reading state information... Done
The following additional packages will be installed:
  git-man liberror-perl
Suggested packages:
  git-daemon-run | git-daemon-sysvinit git-doc git-email git-gui gitk gitweb git-cvs git-mediawiki git-svn
The following NEW packages will be installed:
  git git-man liberror-perl
0 upgraded, 3 newly installed, 0 to remove and 191 not upgraded.
Need to get 4203 kB of archives.
After this operation, 20.6 MB of additional disk space will be used.
Do you want to continue? [Y/n] Y
Get:1 http://ports.ubuntu.com/ubuntu-ports jammy/main arm64 liberror-perl all 0.17029-1 [26.5 kB]
Get:2 http://ports.ubuntu.com/ubuntu-ports jammy-security/main arm64 git-man all 1:2.34.1-1ubuntu1.11 [955 kB]
Get:3 http://ports.ubuntu.com/ubuntu-ports jammy-security/main arm64 git arm64 1:2.34.1-1ubuntu1.11 [3222 kB]
Fetched 4203 kB in 10s (433 kB/s)                                                                                                                    
Selecting previously unselected package liberror-perl.
(Reading database ... 213590 files and directories currently installed.)
Preparing to unpack .../liberror-perl_0.17029-1_all.deb ...
Unpacking liberror-perl (0.17029-1) ...
Selecting previously unselected package git-man.
Preparing to unpack .../git-man_1%3a2.34.1-1ubuntu1.11_all.deb ...
Unpacking git-man (1:2.34.1-1ubuntu1.11) ...
Selecting previously unselected package git.
Preparing to unpack .../git_1%3a2.34.1-1ubuntu1.11_arm64.deb ...
Unpacking git (1:2.34.1-1ubuntu1.11) ...
Setting up liberror-perl (0.17029-1) ...
Setting up git-man (1:2.34.1-1ubuntu1.11) ...
Setting up git (1:2.34.1-1ubuntu1.11) ...
Processing triggers for man-db (2.10.2-1) ...
ubuntu@ubuntu:~/Documents/MyProjects$ git config --global user.name rvanamala27
ubuntu@ubuntu:~/Documents/MyProjects$ git config --global user.email rajeshfair85@gmail.com
ubuntu@ubuntu:~/Documents/MyProjects$ git init
hint: Using 'master' as the name for the initial branch. This default branch name
hint: is subject to change. To configure the initial branch name to use in all
hint: of your new repositories, which will suppress this warning, call:
hint: 
hint: 	git config --global init.defaultBranch <name>
hint: 
hint: Names commonly chosen instead of 'master' are 'main', 'trunk' and
hint: 'development'. The just-created branch can be renamed via this command:
hint: 
hint: 	git branch -m <name>
Initialized empty Git repository in /home/ubuntu/Documents/MyProjects/.git/
ubuntu@ubuntu:~/Documents/MyProjects$ git add .
ubuntu@ubuntu:~/Documents/MyProjects$ git commit -m "Commiting DIS - Breast Cancer Prediction model project"
[master (root-commit) 5096a0e] Commiting DIS - Breast Cancer Prediction model project
 13 files changed, 764 insertions(+)
 create mode 100644 DesigningIntelligentSystems/Microservices/Dockerfile
 create mode 100644 DesigningIntelligentSystems/Microservices/README.md
 create mode 100644 DesigningIntelligentSystems/Microservices/app.py
 create mode 100644 DesigningIntelligentSystems/Microservices/code_model_training/train.py
 create mode 100644 DesigningIntelligentSystems/Microservices/code_model_training/txt
 create mode 100644 DesigningIntelligentSystems/Microservices/data/breast_cancer.csv
 create mode 100644 DesigningIntelligentSystems/Microservices/model/model_binary.dat.gz
 create mode 100644 DesigningIntelligentSystems/Microservices/ms/__init__.py
 create mode 100644 DesigningIntelligentSystems/Microservices/ms/functions.py
 create mode 100644 DesigningIntelligentSystems/Microservices/requirements.txt
 create mode 100644 DesigningIntelligentSystems/Microservices/tests/example_calls.txt
 create mode 100644 DesigningIntelligentSystems/W11 Graded Assignment - Problem Statement.pdf
 create mode 100644 DesigningIntelligentSystems/W11_ TA Session - Case Study.pdf
ubuntu@ubuntu:~/Documents/MyProjects$ git remote add origin https://github.com/rvanamala27/DesignIntelligentSystems.git
ubuntu@ubuntu:~/Documents/MyProjects$ git push -u origin master
Username for 'https://github.com': rvanamala27
Password for 'https://rvanamala27@github.com': 
remote: Support for password authentication was removed on August 13, 2021.
remote: Please see https://docs.github.com/get-started/getting-started-with-git/about-remote-repositories#cloning-with-https-urls for information on currently recommended modes of authentication.
fatal: Authentication failed for 'https://github.com/rvanamala27/DesignIntelligentSystems.git/'
ubuntu@ubuntu:~/Documents/MyProjects$ cd DesigningIntelligentSystems/
ubuntu@ubuntu:~/Documents/MyProjects/DesigningIntelligentSystems$ cd Microservices/
ubuntu@ubuntu:~/Documents/MyProjects/DesigningIntelligentSystems/Microservices$ sudo docker build -t microservices-app .
sudo: docker: command not found
ubuntu@ubuntu:~/Documents/MyProjects/DesigningIntelligentSystems/Microservices$ sudo apt update
Hit:1 https://packages.microsoft.com/repos/vscode stable InRelease
Get:2 https://packages.microsoft.com/repos/code stable InRelease [3590 B]
Get:3 https://packages.microsoft.com/repos/code stable/main arm64 Packages [18.2 kB] 
Hit:4 http://ports.ubuntu.com/ubuntu-ports jammy InRelease           
Get:5 https://packages.microsoft.com/repos/code stable/main amd64 Packages [17.6 kB]
Get:6 https://packages.microsoft.com/repos/code stable/main armhf Packages [18.2 kB]
Hit:7 http://ports.ubuntu.com/ubuntu-ports jammy-security InRelease
Hit:8 http://ports.ubuntu.com/ubuntu-ports jammy-updates InRelease
Hit:9 http://ports.ubuntu.com/ubuntu-ports jammy-proposed InRelease
Fetched 57.6 kB in 2s (29.7 kB/s)
Reading package lists... Done
Building dependency tree... Done
Reading state information... Done
192 packages can be upgraded. Run 'apt list --upgradable' to see them.
ubuntu@ubuntu:~/Documents/MyProjects/DesigningIntelligentSystems/Microservices$ sudo apt install apt-transport-https ca-certificates curl software-properties-common
Reading package lists... Done
Building dependency tree... Done
Reading state information... Done
ca-certificates is already the newest version (20230311ubuntu0.22.04.1).
ca-certificates set to manually installed.
software-properties-common is already the newest version (0.99.22.9).
software-properties-common set to manually installed.
The following NEW packages will be installed:
  apt-transport-https curl
0 upgraded, 2 newly installed, 0 to remove and 192 not upgraded.
Need to get 191 kB of archives.
After this operation, 607 kB of additional disk space will be used.
Do you want to continue? [Y/n] Y
Get:1 http://ports.ubuntu.com/ubuntu-ports jammy-updates/universe arm64 apt-transport-https all 2.4.12 [1510 B]
Get:2 http://ports.ubuntu.com/ubuntu-ports jammy-security/main arm64 curl arm64 7.81.0-1ubuntu1.16 [190 kB]
Fetched 191 kB in 1s (167 kB/s)
Selecting previously unselected package apt-transport-https.
(Reading database ... 214575 files and directories currently installed.)
Preparing to unpack .../apt-transport-https_2.4.12_all.deb ...
Unpacking apt-transport-https (2.4.12) ...
Selecting previously unselected package curl.
Preparing to unpack .../curl_7.81.0-1ubuntu1.16_arm64.deb ...
Unpacking curl (7.81.0-1ubuntu1.16) ...
Setting up apt-transport-https (2.4.12) ...
Setting up curl (7.81.0-1ubuntu1.16) ...
Processing triggers for man-db (2.10.2-1) ...
ubuntu@ubuntu:~/Documents/MyProjects/DesigningIntelligentSystems/Microservices$ curl -fsSL https://download.docker.com/linux/ubuntu/gpg | sudo gpg --dearmor -o /usr/share/keyrings/docker-archive-keyring.gpg
ubuntu@ubuntu:~/Documents/MyProjects/DesigningIntelligentSystems/Microservices$ echo "deb [arch=$(dpkg --print-architecture) signed-by=/usr/share/keyrings/docker-archive-keyring.gpg] https://download.docker.com/linux/ubuntu $(lsb_release -cs) stable" | sudo tee /etc/apt/sources.list.d/docker.list > /dev/null
ubuntu@ubuntu:~/Documents/MyProjects/DesigningIntelligentSystems/Microservices$ sudo apt update
Get:1 https://download.docker.com/linux/ubuntu jammy InRelease [48.8 kB]
Get:3 https://download.docker.com/linux/ubuntu jammy/stable arm64 Packages [35.0 kB]                                                                 
Hit:4 https://packages.microsoft.com/repos/vscode stable InRelease                                    
Hit:2 https://packages.microsoft.com/repos/code stable InRelease          
Hit:5 http://ports.ubuntu.com/ubuntu-ports jammy InRelease
Hit:6 http://ports.ubuntu.com/ubuntu-ports jammy-security InRelease
Hit:7 http://ports.ubuntu.com/ubuntu-ports jammy-updates InRelease
Hit:8 http://ports.ubuntu.com/ubuntu-ports jammy-proposed InRelease
Fetched 83.9 kB in 1s (99.0 kB/s)
Reading package lists... Done
Building dependency tree... Done
Reading state information... Done
192 packages can be upgraded. Run 'apt list --upgradable' to see them.
ubuntu@ubuntu:~/Documents/MyProjects/DesigningIntelligentSystems/Microservices$ sudo apt install docker-ce
Reading package lists... Done
Building dependency tree... Done
Reading state information... Done
The following additional packages will be installed:
  containerd.io docker-buildx-plugin docker-ce-cli docker-ce-rootless-extras docker-compose-plugin libslirp0 pigz slirp4netns
Suggested packages:
  cgroupfs-mount | cgroup-lite
The following NEW packages will be installed:
  containerd.io docker-buildx-plugin docker-ce docker-ce-cli docker-ce-rootless-extras docker-compose-plugin libslirp0 pigz slirp4netns
0 upgraded, 9 newly installed, 0 to remove and 192 not upgraded.
Need to get 97.5 MB of archives.
After this operation, 374 MB of additional disk space will be used.
Do you want to continue? [Y/n] Y
Get:1 https://download.docker.com/linux/ubuntu jammy/stable arm64 containerd.io arm64 1.7.18-1 [22.2 MB]
Get:2 http://ports.ubuntu.com/ubuntu-ports jammy/universe arm64 pigz arm64 2.6-1 [55.7 kB]
Get:3 http://ports.ubuntu.com/ubuntu-ports jammy-proposed/main arm64 libslirp0 arm64 4.6.1-1ubuntu0.1 [60.8 kB]
Get:4 http://ports.ubuntu.com/ubuntu-ports jammy/universe arm64 slirp4netns arm64 1.0.1-2 [27.0 kB]
Get:5 https://download.docker.com/linux/ubuntu jammy/stable arm64 docker-buildx-plugin arm64 0.15.1-1~ubuntu.22.04~jammy [27.3 MB]
Get:6 https://download.docker.com/linux/ubuntu jammy/stable arm64 docker-ce-cli arm64 5:27.0.3-1~ubuntu.22.04~jammy [13.3 MB]
Get:7 https://download.docker.com/linux/ubuntu jammy/stable arm64 docker-ce arm64 5:27.0.3-1~ubuntu.22.04~jammy [15.4 MB]
Get:8 https://download.docker.com/linux/ubuntu jammy/stable arm64 docker-ce-rootless-extras arm64 5:27.0.3-1~ubuntu.22.04~jammy [8396 kB]            
Get:9 https://download.docker.com/linux/ubuntu jammy/stable arm64 docker-compose-plugin arm64 2.28.1-1~ubuntu.22.04~jammy [10.8 MB]                  
Fetched 97.5 MB in 9s (11.2 MB/s)                                                                                                                    
Selecting previously unselected package pigz.
(Reading database ... 214586 files and directories currently installed.)
Preparing to unpack .../0-pigz_2.6-1_arm64.deb ...
Unpacking pigz (2.6-1) ...
Selecting previously unselected package containerd.io.
Preparing to unpack .../1-containerd.io_1.7.18-1_arm64.deb ...
Unpacking containerd.io (1.7.18-1) ...
Selecting previously unselected package docker-buildx-plugin.
Preparing to unpack .../2-docker-buildx-plugin_0.15.1-1~ubuntu.22.04~jammy_arm64.deb ...
Unpacking docker-buildx-plugin (0.15.1-1~ubuntu.22.04~jammy) ...
Selecting previously unselected package docker-ce-cli.
Preparing to unpack .../3-docker-ce-cli_5%3a27.0.3-1~ubuntu.22.04~jammy_arm64.deb ...
Unpacking docker-ce-cli (5:27.0.3-1~ubuntu.22.04~jammy) ...
Selecting previously unselected package docker-ce.
Preparing to unpack .../4-docker-ce_5%3a27.0.3-1~ubuntu.22.04~jammy_arm64.deb ...
Unpacking docker-ce (5:27.0.3-1~ubuntu.22.04~jammy) ...
Selecting previously unselected package docker-ce-rootless-extras.
Preparing to unpack .../5-docker-ce-rootless-extras_5%3a27.0.3-1~ubuntu.22.04~jammy_arm64.deb ...
Unpacking docker-ce-rootless-extras (5:27.0.3-1~ubuntu.22.04~jammy) ...
Selecting previously unselected package docker-compose-plugin.
Preparing to unpack .../6-docker-compose-plugin_2.28.1-1~ubuntu.22.04~jammy_arm64.deb ...
Unpacking docker-compose-plugin (2.28.1-1~ubuntu.22.04~jammy) ...
Selecting previously unselected package libslirp0:arm64.
Preparing to unpack .../7-libslirp0_4.6.1-1ubuntu0.1_arm64.deb ...
Unpacking libslirp0:arm64 (4.6.1-1ubuntu0.1) ...
Selecting previously unselected package slirp4netns.
Preparing to unpack .../8-slirp4netns_1.0.1-2_arm64.deb ...
Unpacking slirp4netns (1.0.1-2) ...
Setting up docker-buildx-plugin (0.15.1-1~ubuntu.22.04~jammy) ...
Setting up containerd.io (1.7.18-1) ...
Created symlink /etc/systemd/system/multi-user.target.wants/containerd.service → /lib/systemd/system/containerd.service.
Setting up docker-compose-plugin (2.28.1-1~ubuntu.22.04~jammy) ...
Setting up docker-ce-cli (5:27.0.3-1~ubuntu.22.04~jammy) ...
Setting up libslirp0:arm64 (4.6.1-1ubuntu0.1) ...
Setting up pigz (2.6-1) ...
Setting up docker-ce-rootless-extras (5:27.0.3-1~ubuntu.22.04~jammy) ...
Setting up slirp4netns (1.0.1-2) ...
Setting up docker-ce (5:27.0.3-1~ubuntu.22.04~jammy) ...
Created symlink /etc/systemd/system/multi-user.target.wants/docker.service → /lib/systemd/system/docker.service.
Created symlink /etc/systemd/system/sockets.target.wants/docker.socket → /lib/systemd/system/docker.socket.
Processing triggers for man-db (2.10.2-1) ...
Processing triggers for libc-bin (2.35-0ubuntu3.7) ...
ubuntu@ubuntu:~/Documents/MyProjects/DesigningIntelligentSystems/Microservices$ sudo docker build -t microservices-app .
[+] Building 37.9s (8/8) FINISHED                                                                                                      docker:default
 => [internal] load build definition from Dockerfile                                                                                             0.0s
 => => transferring dockerfile: 541B                                                                                                             0.0s
 => [internal] load metadata for docker.io/library/python:3.9-slim                                                                               3.1s
 => [internal] load .dockerignore                                                                                                                0.0s
 => => transferring context: 2B                                                                                                                  0.0s
 => [internal] load build context                                                                                                                0.0s
 => => transferring context: 156.83kB                                                                                                            0.0s
 => [1/4] FROM docker.io/library/python:3.9-slim@sha256:a6c12ec09f13df9d4b8b4e4d08678c1b212d89885be14b6c72b633bee2a520f4                         8.1s
 => => resolve docker.io/library/python:3.9-slim@sha256:a6c12ec09f13df9d4b8b4e4d08678c1b212d89885be14b6c72b633bee2a520f4                         0.0s
 => => sha256:0adbee9589c9861aa96378a3c5a94d0563241aa01623b682239111ebd717c5b8 1.94kB / 1.94kB                                                   0.0s
 => => sha256:bc2b685182ca7e7240ac54b26ae05ff87abe1d21d7492434f486cd2ab1d80fad 6.90kB / 6.90kB                                                   0.0s
 => => sha256:ea235d1ccf77ca07a545b448996766dc3eca4b971b04ba39d50af69660b25751 29.16MB / 29.16MB                                                 3.5s
 => => sha256:26f13e32d8cd0dd6045ae8e76baa59b01457fb37cef4627f2e033eba1d883a6f 3.33MB / 3.33MB                                                   4.1s
 => => sha256:e7ab4987748a19093be5e2e980cbcc2ebec05ff10358e0751f55823a555bb91e 11.86MB / 11.86MB                                                 5.3s
 => => sha256:a6c12ec09f13df9d4b8b4e4d08678c1b212d89885be14b6c72b633bee2a520f4 10.41kB / 10.41kB                                                 0.0s
 => => sha256:3c53b4170cac6c068fe15426cf1f8eecdca93e384c994199f8338cf39602b985 231B / 231B                                                       3.8s
 => => extracting sha256:ea235d1ccf77ca07a545b448996766dc3eca4b971b04ba39d50af69660b25751                                                        1.2s
 => => sha256:bfbdfe32dfdd953af4f110d3c9eb435e750f2a305eeb1d36ff5ed0ddb0a4636a 2.77MB / 2.77MB                                                   4.4s
 => => extracting sha256:26f13e32d8cd0dd6045ae8e76baa59b01457fb37cef4627f2e033eba1d883a6f                                                        0.5s
 => => extracting sha256:e7ab4987748a19093be5e2e980cbcc2ebec05ff10358e0751f55823a555bb91e                                                        1.0s
 => => extracting sha256:3c53b4170cac6c068fe15426cf1f8eecdca93e384c994199f8338cf39602b985                                                        0.0s
 => => extracting sha256:bfbdfe32dfdd953af4f110d3c9eb435e750f2a305eeb1d36ff5ed0ddb0a4636a                                                        1.1s
 => [2/4] COPY . /                                                                                                                               0.8s
 => [3/4] RUN pip install --no-cache-dir -r requirements.txt                                                                                    24.4s
 => exporting to image                                                                                                                           1.5s 
 => => exporting layers                                                                                                                          1.5s 
 => => writing image sha256:0293fc998b127f9051cb6f0a4001fc9ed9f138a86568f0fbca88a097429c0e43                                                     0.0s 
 => => naming to docker.io/library/microservices-app                                                                                             0.0s 
                                                                                                                                                      
 1 warning found (use --debug to expand):                                                                                                             
 - LegacyKeyValueFormat: "ENV key=value" should be used instead of legacy "ENV key value" format (line 17)
ubuntu@ubuntu:~/Documents/MyProjects/DesigningIntelligentSystems/Microservices$ sudo docker run -p 5000:5000 microservices-app
 * Serving Flask app 'ms' (lazy loading)
 * Environment: production
   WARNING: This is a development server. Do not use it in a production deployment.
   Use a production WSGI server instead.
 * Debug mode: off
 * Running on all addresses.
   WARNING: This is a development server. Do not use it in a production deployment.
 * Running on http://172.17.0.2:5000/ (Press CTRL+C to quit)
172.17.0.1 - - [14/Jul/2024 14:32:17] "GET /info HTTP/1.1" 200 -
172.17.0.1 - - [14/Jul/2024 14:32:18] "GET /favicon.ico HTTP/1.1" 404 -
172.17.0.1 - - [14/Jul/2024 14:32:25] "GET /health HTTP/1.1" 200 -
172.17.0.1 - - [14/Jul/2024 14:32:25] "GET /favicon.ico HTTP/1.1" 404 -
172.17.0.1 - - [14/Jul/2024 14:33:19] "POST /predict HTTP/1.1" 200 -
172.17.0.1 - - [14/Jul/2024 14:33:30] "POST /predict HTTP/1.1" 200 -
